IN=within,DP=which
IN=since,CC=or
IN=due to
DP=although,IN=with
DP=than,IN=of;at;in,CC=and
NEG=no
NEG=not
NEG=no,IN=with;in;of,CC=and
NEG=none;nor,CC=and,IN=of
DET=I;the
DET=i;the
DET=this;a
DET=This;a
DET=we;the